// Jest Snapshot v1, https://goo.gl/fbAQLP

exports[`matrixOperations reverse matrix should not change input 1`] = `
Array [
  Array [
    0,
    0,
    1,
    0,
  ],
  Array [
    0,
    1,
    0,
    0,
  ],
  Array [
    0,
    0,
    0,
    1,
  ],
  Array [
    1,
    0,
    0,
    0,
  ],
  Array [
    1,
    0,
    0,
    0,
  ],
  Array [
    0,
    0,
    1,
    0,
  ],
  Array [
    0,
    1,
    0,
    0,
  ],
]
`;

exports[`matrixOperations reverse vector 1`] = `
Array [
  0,
  1,
  0,
  0,
]
`;

exports[`matrixOperations reverse vector should not change input 1`] = `
Array [
  0,
  0,
  1,
  0,
]
`;

exports[`matrixOperations vectorAdd 1`] = `
Array [
  -1,
  -1,
  -1,
  -1,
  5,
]
`;
